// Jest Snapshot v1, https://goo.gl/fbAQLP

exports[`<App/> component App snapShot 1`] = `
<AppContainer>
  <Connect(Carpark) />
  <Connect(Input) />
  <Connect(Output) />
</AppContainer>
`;
